// Jest Snapshot v1, https://goo.gl/fbAQLP

exports[`persistQueryKeysMap should match snapshot 1`] = `
{
  "todo": true,
}
`;
