// Jest Snapshot v1, https://goo.gl/fbAQLP

exports[`persistQueryKeys should match snapshot 1`] = `
[
  [
    "samples",
    "counter",
  ],
  [
    "samples",
    "todo",
  ],
]
`;
