// Jest Snapshot v1, https://goo.gl/fbAQLP

exports[`withClient should pass queryClient to server component with default queryClient 1`] = `<span />`;

exports[`withClient should pass queryClient to server component with prop queryClient 1`] = `
<span>
  test data
</span>
`;
